[2026-09-27 19:08:06] ============================================================
[2026-09-27 19:08:06] Запуск daily_commit.py
[2026-09-27 19:08:06] Запись «### День 6 — 27.09.2026» уже существует. Проверяем, всё ли закоммичено.
[2026-09-27 19:08:06] Проверка соединения с github.com...
[2026-09-27 19:08:06] Соединение с github.com появилось (ждали 0 сек).
[2026-09-27 19:08:06] >>> git add devlog.md (попытка 1/3)
[2026-09-27 19:08:06]   Exit code: 0
[2026-09-27 19:08:06] >>> git commit -m devlog: день 6 — Рефакторинг хендлеров пространств (попытка 1/3)
[2026-09-27 19:08:07]   STDOUT: On branch main
Your branch is ahead of 'origin/main' by 1 commit.
  (use "git push" to publish your local commits)

Changes not staged for commit:
  (use "git add <file>..." to update what will be committed)
  (use "git restore <file>..." to discard changes in working directory)
	modified:   daily_commit.py

Untracked files:
  (use "git add <file>..." to include in what will be committed)
	daily_commit.log

no changes added to commit (use "git add" and/or "git commit -a")
[2026-09-27 19:08:07]   Exit code: 1
[2026-09-27 19:08:07]   Ошибка. Ждём 30 сек перед следующей попыткой.
[2026-09-27 19:08:37] >>> git commit -m devlog: день 6 — Рефакторинг хендлеров пространств (попытка 2/3)
[2026-09-27 19:08:37]   STDOUT: On branch main
Your branch is ahead of 'origin/main' by 1 commit.
  (use "git push" to publish your local commits)

Changes not staged for commit:
  (use "git add <file>..." to update what will be committed)
  (use "git restore <file>..." to discard changes in working directory)
	modified:   daily_commit.py

Untracked files:
  (use "git add <file>..." to include in what will be committed)
	daily_commit.log

no changes added to commit (use "git add" and/or "git commit -a")
[2026-09-27 19:08:37]   Exit code: 1
[2026-09-27 19:08:37]   Ошибка. Ждём 30 сек перед следующей попыткой.
[2026-09-27 19:09:07] >>> git commit -m devlog: день 6 — Рефакторинг хендлеров пространств (попытка 3/3)
[2026-09-27 19:09:07]   STDOUT: On branch main
Your branch is ahead of 'origin/main' by 1 commit.
  (use "git push" to publish your local commits)

Changes not staged for commit:
  (use "git add <file>..." to update what will be committed)
  (use "git restore <file>..." to discard changes in working directory)
	modified:   daily_commit.py

Untracked files:
  (use "git add <file>..." to include in what will be committed)
	daily_commit.log

no changes added to commit (use "git add" and/or "git commit -a")
[2026-09-27 19:09:07]   Exit code: 1
[2026-09-27 19:09:07] git commit вернул ненулевой код. Проверяем статус...
[2026-09-27 19:09:07] >>> git push (попытка 1/3)
[2026-09-27 19:09:12]   STDERR: To https://github.com/Crumerl/shared-budget-bot.git
   9580cf8..1ddc605  main -> main
[2026-09-27 19:09:12]   Exit code: 0
[2026-09-27 19:09:12] Коммит за день 6 успешно отправлен.
[2026-09-27 19:15:55] ============================================================
[2026-09-27 19:15:55] Запуск daily_commit.py
[2026-09-27 19:15:55] Запись «### День 6 — 27.09.2026» уже существует.
[2026-09-27 19:15:56] Коммитить нечего — devlog уже закоммичен ранее.
[2026-09-27 19:15:56] Проверка соединения с github.com...
[2026-09-27 19:15:56] Соединение с github.com появилось (ждали 0 сек).
[2026-09-27 19:15:56] >>> git push (попытка 1/6)
[2026-09-27 19:15:58]   STDERR: Everything up-to-date
[2026-09-27 19:15:58]   Exit code: 0
[2026-09-27 19:15:58] Коммит за день 6 успешно отправлен.
[2026-09-27 19:28:28] ============================================================
[2026-09-27 19:28:28] Запуск daily_commit.py
[2026-09-27 19:28:28] Запись «### День 6 — 27.09.2026» уже существует.
[2026-09-27 19:28:28] Коммитить нечего — devlog уже закоммичен ранее.
[2026-09-27 19:28:28] Проверка соединения с github.com...
[2026-09-27 19:28:28] Соединение с github.com появилось (ждали 0 сек).
[2026-09-27 19:28:28] >>> git push (попытка 1/6)
[2026-09-27 19:28:31]   STDERR: Everything up-to-date
[2026-09-27 19:28:31]   Exit code: 0
[2026-09-27 19:28:31] Коммит за день 6 успешно отправлен.
[2026-09-27 19:36:02] ============================================================
[2026-09-27 19:36:02] Запуск daily_commit.py
[2026-09-27 19:36:02] Запись «### День 6 — 27.09.2026» уже существует.
[2026-09-27 19:36:02] Коммитить нечего — devlog уже закоммичен ранее.
[2026-09-27 19:36:02] Проверка соединения с github.com...
[2026-09-27 19:36:02] Соединение с github.com появилось (ждали 0 сек).
[2026-09-27 19:36:02] >>> git push (попытка 1/6)
[2026-09-27 19:36:05]   STDERR: Everything up-to-date
[2026-09-27 19:36:05]   Exit code: 0
[2026-09-27 19:36:05] Коммит за день 6 успешно отправлен.
[2026-09-27 19:42:04] ============================================================
[2026-09-27 19:42:04] Запуск daily_commit.py
[2026-09-27 19:42:04] Запись «### День 6 — 27.09.2026» уже существует.
[2026-09-27 19:42:05] Коммитить нечего — devlog уже закоммичен ранее.
[2026-09-27 19:42:05] Проверка соединения с github.com...
[2026-09-27 19:42:05] Соединение с github.com появилось (ждали 0 сек).
[2026-09-27 19:42:05] >>> git push (попытка 1/6)
[2026-09-27 19:42:07]   STDERR: Everything up-to-date
[2026-09-27 19:42:07]   Exit code: 0
[2026-09-27 19:42:07] Коммит за день 6 успешно отправлен.
[2026-09-28 15:35:04] ============================================================
[2026-09-28 15:35:04] Запуск daily_commit.py
[2026-09-28 15:35:04] Добавлена запись: ### День 7 — 28.09.2026
[2026-09-28 15:35:04] Коммит создан: devlog: день 7 — Тестирование FSM выбора участников
[2026-09-28 15:35:04] Проверка соединения с github.com...
[2026-09-28 15:35:05] Соединение с github.com появилось (ждали 0 сек).
[2026-09-28 15:35:05] >>> git push (попытка 1/6)
[2026-09-28 15:35:09]   STDERR: To https://github.com/Crumerl/shared-budget-bot.git
   35f7184..f4f029e  main -> main
[2026-09-28 15:35:09]   Exit code: 0
[2026-09-28 15:35:09] Коммит за день 7 успешно отправлен.
[2026-09-28 15:42:24] ============================================================
[2026-09-28 15:42:24] Запуск daily_commit.py
[2026-09-28 15:42:24] Запись «### День 7 — 28.09.2026» уже существует.
[2026-09-28 15:42:24] Коммитить нечего — devlog уже закоммичен ранее.
[2026-09-28 15:42:24] Проверка соединения с github.com...
[2026-09-28 15:42:25] Соединение с github.com появилось (ждали 0 сек).
[2026-09-28 15:42:25] >>> git push (попытка 1/6)
[2026-09-28 15:42:27]   STDERR: Everything up-to-date
[2026-09-28 15:42:27]   Exit code: 0
[2026-09-28 15:42:27] Коммит за день 7 успешно отправлен.
[2026-09-29 12:00:02] ============================================================
[2026-09-29 12:00:02] Запуск daily_commit.py
[2026-09-29 12:00:02] Добавлена запись: ### День 8 — 29.09.2026
[2026-09-29 12:00:02] Коммит создан: devlog: день 8 — Проверка работы deep-link /start join_
[2026-09-29 12:00:02] Проверка соединения с github.com...
[2026-09-29 12:00:02] Соединение с github.com появилось (ждали 0 сек).
[2026-09-29 12:00:02] >>> git push (попытка 1/6)
[2026-09-29 12:00:07]   STDERR: To https://github.com/Crumerl/shared-budget-bot.git
   f4f029e..ce99084  main -> main
[2026-09-29 12:00:07]   Exit code: 0
[2026-09-29 12:00:07] Коммит за день 8 успешно отправлен.
[2026-09-30 12:00:02] ============================================================
[2026-09-30 12:00:02] Запуск daily_commit.py
[2026-09-30 12:00:02] Добавлена запись: ### День 9 — 30.09.2026
[2026-09-30 12:00:02] Коммит создан: devlog: день 9 — Анализ покрытия функций БД
[2026-09-30 12:00:02] Проверка соединения с github.com...
[2026-09-30 12:00:03] Соединение с github.com появилось (ждали 0 сек).
[2026-09-30 12:00:03] >>> git push (попытка 1/6)
[2026-09-30 12:00:06]   STDERR: fatal: Unable to persist credentials with the 'wincredman' credential store.
See https://aka.ms/gcm/credstores for more information.
fatal: Unable to persist credentials with the 'wincredman' credential store.
See https://aka.ms/gcm/credstores for more information.
bash: line 1: /dev/tty: No such device or address
error: failed to execute prompt script (exit code 1)
fatal: could not read Username for 'https://github.com': No such file or directory
[2026-09-30 12:00:06]   Exit code: 128
[2026-09-30 12:00:06]   Ошибка. Ждём 30 сек перед следующей попыткой.
[2026-09-30 12:00:36] Проверка соединения с github.com...
[2026-09-30 12:00:37] Соединение с github.com появилось (ждали 0 сек).
[2026-09-30 12:00:37] >>> git push (попытка 2/6)
[2026-09-30 12:00:38]   STDERR: fatal: Unable to persist credentials with the 'wincredman' credential store.
See https://aka.ms/gcm/credstores for more information.
fatal: Unable to persist credentials with the 'wincredman' credential store.
See https://aka.ms/gcm/credstores for more information.
bash: line 1: /dev/tty: No such device or address
error: failed to execute prompt script (exit code 1)
fatal: could not read Username for 'https://github.com': No such file or directory
[2026-09-30 12:00:38]   Exit code: 128
[2026-09-30 12:00:38]   Ошибка. Ждём 30 сек перед следующей попыткой.
[2026-09-30 12:01:08] Проверка соединения с github.com...
[2026-09-30 12:01:08] Соединение с github.com появилось (ждали 0 сек).
[2026-09-30 12:01:08] >>> git push (попытка 3/6)
[2026-09-30 12:01:10]   STDERR: fatal: Unable to persist credentials with the 'wincredman' credential store.
See https://aka.ms/gcm/credstores for more information.
fatal: Unable to persist credentials with the 'wincredman' credential store.
See https://aka.ms/gcm/credstores for more information.
bash: line 1: /dev/tty: No such device or address
error: failed to execute prompt script (exit code 1)
fatal: could not read Username for 'https://github.com': No such file or directory
[2026-09-30 12:01:10]   Exit code: 128
[2026-09-30 12:01:10]   Ошибка. Ждём 30 сек перед следующей попыткой.
[2026-09-30 12:01:40] Проверка соединения с github.com...
[2026-09-30 12:01:40] Соединение с github.com появилось (ждали 0 сек).
[2026-09-30 12:01:40] >>> git push (попытка 4/6)
[2026-09-30 12:01:41]   STDERR: fatal: Unable to persist credentials with the 'wincredman' credential store.
See https://aka.ms/gcm/credstores for more information.
fatal: Unable to persist credentials with the 'wincredman' credential store.
See https://aka.ms/gcm/credstores for more information.
bash: line 1: /dev/tty: No such device or address
error: failed to execute prompt script (exit code 1)
fatal: could not read Username for 'https://github.com': No such file or directory
[2026-09-30 12:01:41]   Exit code: 128
[2026-09-30 12:01:41]   Ошибка. Ждём 30 сек перед следующей попыткой.
[2026-09-30 12:02:11] Проверка соединения с github.com...
[2026-09-30 12:02:11] Соединение с github.com появилось (ждали 0 сек).
[2026-09-30 12:02:11] >>> git push (попытка 5/6)
[2026-09-30 12:02:13]   STDERR: fatal: Unable to persist credentials with the 'wincredman' credential store.
See https://aka.ms/gcm/credstores for more information.
fatal: Unable to persist credentials with the 'wincredman' credential store.
See https://aka.ms/gcm/credstores for more information.
bash: line 1: /dev/tty: No such device or address
error: failed to execute prompt script (exit code 1)
fatal: could not read Username for 'https://github.com': No such file or directory
[2026-09-30 12:02:13]   Exit code: 128
[2026-09-30 12:02:13]   Ошибка. Ждём 30 сек перед следующей попыткой.
[2026-09-30 12:02:43] Проверка соединения с github.com...
[2026-09-30 12:02:43] Соединение с github.com появилось (ждали 0 сек).
[2026-09-30 12:02:43] >>> git push (попытка 6/6)
[2026-09-30 12:02:44]   STDERR: fatal: Unable to persist credentials with the 'wincredman' credential store.
See https://aka.ms/gcm/credstores for more information.
fatal: Unable to persist credentials with the 'wincredman' credential store.
See https://aka.ms/gcm/credstores for more information.
bash: line 1: /dev/tty: No such device or address
error: failed to execute prompt script (exit code 1)
fatal: could not read Username for 'https://github.com': No such file or directory
[2026-09-30 12:02:44]   Exit code: 128
[2026-09-30 12:02:44] ОШИБКА: не удалось выполнить git push.
